{
	"Values": {},
	"Children": {
		"libraryfolders": {
			"Values": {},
			"Children": {
				"0": {
					"Values": {
						"contentid": "4718292910438292201",
						"label": "",
						"path": "C:\\Program Files (x86)\\Steam",
						"time_last_update_verified": "1727894400",
						"totalsize": "0",
						"update_clean_bytes_tally": "79218817"
					},
					"Children": {
						"apps": {
							"Values": {
								"228980": "352787195",
								"413150": "643014561"
							},
							"Children": {}
						}
					}
				},
				"1": {
					"Values": {
						"contentid": "8812773049123411002",
						"label": "Games",
						"path": "D:\\SteamLibrary",
						"totalsize": "2000381014016"
					},
					"Children": {
						"apps": {
							"Values": {
								"1145360": "15388470845"
							},
							"Children": {}
						}
					}
				}
			}
		}
	}
}
